Microchip MPLAB XC8 Compiler V2.50

Linker command line:

-W-3 \
  --edf=C:\Program Files\Microchip\xc8\v2.50\pic\dat\20240725155939_en.msgs \
  -cn -h+dist/default/debug\2023.X.debug.sym \
  --cmf=dist/default/debug\2023.X.debug.cmf -z -Q18F4520 \
  -oC:\Users\wanga\AppData\Local\Temp\xcAsdu4.\driver_tmp_3.o \
  --defsym=__MPLAB_BUILD=1 --fixupoverflow=error \
  -Mdist/default/debug/2023.X.debug.map \
  --md=C:\Users\wanga\AppData\Local\Temp\xcAsdu4.\driver_tmp_0.dat -E1 \
  -ver=XC8 Compiler --acfsm=1493 -ACODE=00h-07DBFh -ACONST=00h-07DBFh \
  -ASMALLCONST=0600h-06FFhx119,07D00h-07DBFh -AMEDIUMCONST=0600h-07DBFh \
  -ACOMRAM=01h-07Fh -AABS1=00h-05F3h -ABIGRAM=01h-05F3h \
  -ARAM=080h-0FFh,0100h-01FFhx4,0500h-05F3h -ABANK0=080h-0FFh \
  -ABANK1=0100h-01FFh -ABANK2=0200h-02FFh -ABANK3=0300h-03FFh \
  -ABANK4=0400h-04FFh -ABANK5=0500h-05F3h \
  -ASFR=0F80h-0F9Bh,0F9Dh-0FD3h,0FD5h-0FDAh,0FE0h-0FE2h,0FE8h-0FEAh,0FF0h-0FFCh \
  -ABIGSFR=0F80h-0F9Bh,0F9Dh-0FD3h,0FD5h-0FDAh,0FE0h-0FE2h,0FE8h-0FEAh,0FF0h-0FFCh \
  -ACONFIG=0300000h-030000Dh -AIDLOC=0200000h-0200007h \
  -AEEDATA=0F00000h-0F000FFh -peeprom_data=EEDATA \
  -preset_vec=00h,intcode=8h,intcodelo=18h,powerup,init -pramtop=0600h \
  -psmallconst=SMALLCONST -pmediumconst=MEDIUMCONST -pconst=CONST \
  -AFARRAM=00h-00h \
  -prdata=COMRAM,nvrram=COMRAM,nvbit=COMRAM,rbss=COMRAM,rbit=COMRAM \
  -pfarbss=FARRAM,fardata=FARRAM,nvFARRAM=FARRAM \
  -pintsave_regs=BIGRAM,bigbss=BIGRAM,bigdata=BIGRAM -pbss=RAM \
  -pidata=CODE,irdata=CODE,ibigdata=CODE,ifardata=CODE -prparam=COMRAM \
  C:\Users\wanga\AppData\Local\Temp\xcAsdu4.\driver_tmp_9.o \
  dist/default/debug\2023.X.debug.o 

Object code version is 3.11

Machine type is 18F4520



                Name                               Link     Load   Length Selector   Space Scale
C:\Users\wanga\AppData\Local\Temp\xcAsdu4.\driver_tmp_9.o
                idloc                            200000   200000        8        0       5
                config                           300000   300000        E        0       4
                init                                 6C       6C        4        C       0
                reset_vec                             0        0        4        0       0
dist/default/debug\2023.X.debug.o
                intcodelo                            18       18       54        C       0
                intcode                               8        8        6        4       0
                idloc                            200000   200000        8        0       5
                config                           300000   300000        E        0       4
                temp                                 71       71        1        1       1
                smallconst                          600      600        2      300       0
                text17                             1ACA     1ACA       3E      301       0
                text16                             1B72     1B72        2      301       0
                intcode_body                       190E     190E       68      301       0
                text14                             19DA     19DA       62      301       0
                text13                             1A3C     1A3C       4E      301       0
                text11                             1A8A     1A8A       40      301       0
                text10                             1B40     1B40       2E      301       0
                text9                              1976     1976       64      301       0
                text8                              188A     188A       84      301       0
                text7                              1B70     1B70        2      301       0
                text6                               602      602      4B6      301       0
                text5                               EDE      EDE      390      301       0
                text4                               AB8      AB8      426      301       0
                text3                              1784     1784      106      301       0
                text2                              1442     1442      1B4      301       0
                text1                              126E     126E      1D4      301       0
                text0                              15F6     15F6      18E      301       0
                cstackCOMRAM                          1        1       6E        1       1
                cstackBANK0                          80       80       78       80       1
                bssBANK1                            100      100       64      100       1
                dataBANK0                            FA       FA        2       80       1
                bssBANK0                             F8       F8        2       80       1
                bssCOMRAM                            6F       6F        2        1       1
                cinit                              1B08     1B08       38      301       0
                idataBANK0                         1B6E     1B6E        2      301       0

TOTAL           Name                               Link     Load   Length     Space
        CLASS   CODE           
                intcodelo                            18       18       54         0
                intcode                               8        8        6         0
                init                                 6C       6C        4         0
                reset_vec                             0        0        4         0
                text17                             1ACA     1ACA       3E         0
                text16                             1B72     1B72        2         0
                intcode_body                       190E     190E       68         0
                text14                             19DA     19DA       62         0
                text13                             1A3C     1A3C       4E         0
                text11                             1A8A     1A8A       40         0
                text10                             1B40     1B40       2E         0
                text9                              1976     1976       64         0
                text8                              188A     188A       84         0
                text7                              1B70     1B70        2         0
                text6                               602      602      4B6         0
                text5                               EDE      EDE      390         0
                text4                               AB8      AB8      426         0
                text3                              1784     1784      106         0
                text2                              1442     1442      1B4         0
                text1                              126E     126E      1D4         0
                text0                              15F6     15F6      18E         0
                cinit                              1B08     1B08       38         0
                idataBANK0                         1B6E     1B6E        2         0

        CLASS   CONST          

        CLASS   SMALLCONST     
                smallconst                          600      600        2         0

        CLASS   MEDIUMCONST    

        CLASS   COMRAM         
                temp                                 71       71        1         1
                cstackCOMRAM                          1        1       6E         1
                bssCOMRAM                            6F       6F        2         1

        CLASS   ABS1           

        CLASS   BIGRAM         

        CLASS   RAM            

        CLASS   BANK0          
                cstackBANK0                          80       80       78         1
                dataBANK0                            FA       FA        2         1
                bssBANK0                             F8       F8        2         1

        CLASS   BANK1          
                bssBANK1                            100      100       64         1

        CLASS   BANK2          

        CLASS   BANK3          

        CLASS   BANK4          

        CLASS   BANK5          

        CLASS   SFR            

        CLASS   BIGSFR         

        CLASS   CONFIG         
                config                           300000   300000        E         4

        CLASS   IDLOC          
                idloc                            200000   200000        8         5

        CLASS   EEDATA         

        CLASS   FARRAM         

        CLASS   HEAP           

        CLASS   STACK          



SEGMENTS        Name                           Load    Length   Top    Selector   Space  Class

                reset_vec                      000000  000004  000004         0       0  CODE    
                cstackCOMRAM                   000001  000071  000072         1       1  COMRAM  
                intcode                        000008  000006  00000E         4       0  CODE    
                intcodelo                      000018  000058  000070         C       0  CODE    
                cstackBANK0                    000080  00007C  0000FC        80       1  BANK0   
                bssBANK1                       000100  000064  000164       100       1  BANK1   
                smallconst                     000600  000002  000602       300       0  SMALLCON
                text6                          000602  001572  001B74       301       0  CODE    


UNUSED ADDRESS RANGES

        Name                Unused          Largest block    Delta
        BANK0            0000FC-0000FF                4
        BANK1            000164-0001FF               9C
        BANK2            000200-0002FF              100
        BANK3            000300-0003FF              100
        BANK4            000400-0004FF              100
        BANK5            000500-0005F3               F4
        BIGRAM           000072-00007F                E
                         0000FC-0000FF                4
                         000164-0005F3              490
        BIGSFR           000F80-000F9B               1C
                         000F9D-000FD3               37
                         000FD5-000FDA                6
                         000FE0-000FE2                3
                         000FE8-000FEA                3
                         000FF0-000FFC                D
        CODE             000004-000007                4
                         00000E-000017                A
                         000070-0005FF              590
                         001B74-007DBF             624C
        COMRAM           000072-00007F                E
        CONST            000004-000007                4
                         00000E-000017                A
                         000070-0005FF              590
                         001B74-007DBF             624C
        EEDATA           F00000-F000FF              100
        MEDIUMCONST      001B74-007DBF             624C
        RAM              0000FC-0000FF                4
                         000164-0005F3              100
        SFR              000F80-000F9B               1C
                         000F9D-000FD3               37
                         000FD5-000FDA                6
                         000FE0-000FE2                3
                         000FE8-000FEA                3
                         000FF0-000FFC                D
        SMALLCONST       001B74-007DBF              100

                                  Symbol Table

?_GetString                        cstackCOMRAM 000013
?___fladd                          cstackCOMRAM 00004F
?___fldiv                          cstackCOMRAM 00001D
?___flmul                          cstackCOMRAM 000036
?___fltol                          cstackCOMRAM 00005F
?___xxtofl                         cstackCOMRAM 00000F
ClearBuffer@i                      cstackCOMRAM 00000F
GetString@str                      cstackCOMRAM 000013
H_ISR@value                        cstackCOMRAM 000005
MyusartRead@data                   cstackCOMRAM 000009
_ADCON0bits                        (abs)        000FC2
_ADCON1bits                        (abs)        000FC1
_ADCON2bits                        (abs)        000FC0
_ADRESH                            (abs)        000FC4
_ADRESL                            (abs)        000FC3
_BAUDCONbits                       (abs)        000FB8
_CCP1CONbits                       (abs)        000FBD
_CCPR1L                            (abs)        000FBE
_CREN                              (abs)        007D5C
_ClearBuffer                       text11       001A8A
_GetString                         text9        001976
_H_ISR                             intcode      000008
_INTCONbits                        (abs)        000FF2
_IPR1bits                          (abs)        000F9F
_Initialize                        text8        00188A
_LATA                              (abs)        000F89
_LATC                              (abs)        000F8B
_Lo_ISR                            intcodelo    000018
_MyusartRead                       text13       001A3C
_OSCCONbits                        (abs)        000FD3
_PIE1bits                          (abs)        000F9D
_PIR1bits                          (abs)        000F9E
_PR2                               (abs)        000FCB
_RCIF                              (abs)        007CF5
_RCONbits                          (abs)        000FD0
_RCREG                             (abs)        000FAE
_RCSTAbits                         (abs)        000FAB
_SPBRG                             (abs)        000FAF
_T2CONbits                         (abs)        000FCA
_TRISA                             (abs)        000F92
_TRISAbits                         (abs)        000F92
_TRISB                             (abs)        000F93
_TRISC                             (abs)        000F94
_TRISCbits                         (abs)        000F94
_TXREG                             (abs)        000FAD
_TXSTAbits                         (abs)        000FAC
__HRAM                             (abs)        000000
__H__absolute__                    __absolute__ 000000
__Habs1                            abs1         000000
__Hbank0                           bank0        000000
__Hbank1                           bank1        000000
__Hbank2                           bank2        000000
__Hbank3                           bank3        000000
__Hbank4                           bank4        000000
__Hbank5                           bank5        000000
__Hbigbss                          bigbss       000000
__Hbigdata                         bigdata      000000
__Hbigram                          bigram       000000
__Hbigsfr                          bigsfr       000000
__Hbss                             bss          000000
__HbssBANK0                        bssBANK0     000000
__HbssBANK1                        bssBANK1     000000
__HbssCOMRAM                       bssCOMRAM    000000
__Hcinit                           cinit        000000
__Hclrtext                         clrtext      000000
__Hcomram                          comram       000000
__Hconfig                          config       30000E
__Hconst                           const        000000
__HcstackBANK0                     cstackBANK0  000000
__HcstackCOMRAM                    cstackCOMRAM 000000
__Hdata                            data         000000
__HdataBANK0                       dataBANK0    000000
__Heeprom_data                     eeprom_data  000000
__Hfarbss                          farbss       000000
__Hfardata                         fardata      000000
__Hheap                            heap         000000
__Hibigdata                        ibigdata     000000
__Hidata                           idata        000000
__HidataBANK0                      idataBANK0   000000
__Hidloc                           idloc        200008
__Hifardata                        ifardata     000000
__Hinit                            init         000070
__Hintcode                         intcode      00000E
__Hintcode_body                    intcode_body 000000
__Hintcodelo                       intcodelo    00006C
__Hintentry                        intentry     000000
__Hintret                          intret       000000
__Hintsave_regs                    intsave_regs 000000
__Hirdata                          irdata       000000
__Hmediumconst                     mediumconst  000000
__HnvFARRAM                        nvFARRAM     000000
__Hnvbit                           nvbit        000000
__Hnvrram                          nvrram       000000
__Hparam                           rparam       000000
__Hpowerup                         powerup      00006C
__Hram                             ram          000000
__Hramtop                          ramtop       000600
__Hrbit                            rbit         000000
__Hrbss                            rbss         000000
__Hrdata                           rdata        000000
__Hreset_vec                       reset_vec    000004
__Hrparam                          rparam       000000
__Hsfr                             sfr          000000
__Hsivt_hi                         sivt_hi      000000
__Hsivt_lo                         sivt_lo      000000
__Hsmallconst                      smallconst   000602
__Hspace_0                         (abs)        001B74
__Hspace_1                         (abs)        000164
__Hspace_2                         (abs)        000000
__Hspace_4                         (abs)        60000E
__Hstack                           stack        000000
__Hstruct                          struct       000000
__Htemp                            temp         000072
__Htext                            text         000000
__Htext0                           text0        000000
__Htext1                           text1        000000
__Htext10                          text10       000000
__Htext11                          text11       000000
__Htext13                          text13       000000
__Htext14                          text14       000000
__Htext16                          text16       000000
__Htext17                          text17       000000
__Htext2                           text2        000000
__Htext3                           text3        000000
__Htext4                           text4        000000
__Htext5                           text5        000000
__Htext6                           text6        000000
__Htext7                           text7        000000
__Htext8                           text8        000000
__Htext9                           text9        000000
__LRAM                             (abs)        000001
__L__absolute__                    __absolute__ 000000
__Labs1                            abs1         000000
__Lbank0                           bank0        000000
__Lbank1                           bank1        000000
__Lbank2                           bank2        000000
__Lbank3                           bank3        000000
__Lbank4                           bank4        000000
__Lbank5                           bank5        000000
__Lbigbss                          bigbss       000000
__Lbigdata                         bigdata      000000
__Lbigram                          bigram       000000
__Lbigsfr                          bigsfr       000000
__Lbss                             bss          000000
__LbssBANK0                        bssBANK0     000000
__LbssBANK1                        bssBANK1     000000
__LbssCOMRAM                       bssCOMRAM    000000
__Lcinit                           cinit        000000
__Lclrtext                         clrtext      000000
__Lcomram                          comram       000000
__Lconfig                          config       000000
__Lconst                           const        000000
__LcstackBANK0                     cstackBANK0  000000
__LcstackCOMRAM                    cstackCOMRAM 000000
__Ldata                            data         000000
__LdataBANK0                       dataBANK0    000000
__Leeprom_data                     eeprom_data  000000
__Lfarbss                          farbss       000000
__Lfardata                         fardata      000000
__Lheap                            heap         000000
__Libigdata                        ibigdata     000000
__Lidata                           idata        000000
__LidataBANK0                      idataBANK0   000000
__Lidloc                           idloc        000000
__Lifardata                        ifardata     000000
__Linit                            init         00006C
__Lintcode                         intcode      000008
__Lintcode_body                    intcode_body 000000
__Lintcodelo                       intcodelo    000018
__Lintentry                        intentry     000000
__Lintret                          intret       000000
__Lintsave_regs                    intsave_regs 000000
__Lirdata                          irdata       000000
__Lmediumconst                     mediumconst  000000
__LnvFARRAM                        nvFARRAM     000000
__Lnvbit                           nvbit        000000
__Lnvrram                          nvrram       000000
__Lparam                           rparam       000000
__Lpowerup                         powerup      00006C
__Lram                             ram          000000
__Lramtop                          ramtop       000600
__Lrbit                            rbit         000000
__Lrbss                            rbss         000000
__Lrdata                           rdata        000000
__Lreset_vec                       reset_vec    000000
__Lrparam                          rparam       000000
__Lsfr                             sfr          000000
__Lsivt_hi                         sivt_hi      000000
__Lsivt_lo                         sivt_lo      000000
__Lsmallconst                      smallconst   000600
__Lspace_0                         (abs)        000000
__Lspace_1                         (abs)        000000
__Lspace_2                         (abs)        000000
__Lspace_4                         (abs)        000000
__Lstack                           stack        000000
__Lstruct                          struct       000000
__Ltemp                            temp         000071
__Ltext                            text         000000
__Ltext0                           text0        000000
__Ltext1                           text1        000000
__Ltext10                          text10       000000
__Ltext11                          text11       000000
__Ltext13                          text13       000000
__Ltext14                          text14       000000
__Ltext16                          text16       000000
__Ltext17                          text17       000000
__Ltext2                           text2        000000
__Ltext3                           text3        000000
__Ltext4                           text4        000000
__Ltext5                           text5        000000
__Ltext6                           text6        000000
__Ltext7                           text7        000000
__Ltext8                           text8        000000
__Ltext9                           text9        000000
__S0                               (abs)        001B74
__S1                               (abs)        000164
__S4                               (abs)        000000
__S5                               (abs)        000000
___fladd                           text6        000602
___fladd@a                         cstackCOMRAM 000053
___fladd@aexp                      cstackCOMRAM 00005C
___fladd@b                         cstackCOMRAM 00004F
___fladd@bexp                      cstackCOMRAM 00005D
___fladd@grs                       cstackCOMRAM 00005E
___fladd@signs                     cstackCOMRAM 00005B
___fldiv                           text5        000EDE
___fldiv@a                         cstackCOMRAM 000021
___fldiv@aexp                      cstackCOMRAM 000035
___fldiv@b                         cstackCOMRAM 00001D
___fldiv@bexp                      cstackCOMRAM 000034
___fldiv@grs                       cstackCOMRAM 000030
___fldiv@new_exp                   cstackCOMRAM 00002E
___fldiv@rem                       cstackCOMRAM 000029
___fldiv@sign                      cstackCOMRAM 00002D
___flmul                           text4        000AB8
___flmul@a                         cstackCOMRAM 00003A
___flmul@aexp                      cstackCOMRAM 000047
___flmul@b                         cstackCOMRAM 000036
___flmul@bexp                      cstackCOMRAM 000048
___flmul@grs                       cstackCOMRAM 000043
___flmul@prod                      cstackCOMRAM 000049
___flmul@sign                      cstackCOMRAM 000042
___flmul@temp                      cstackCOMRAM 00004D
___fltol                           text3        001784
___fltol@exp1                      cstackCOMRAM 000068
___fltol@f1                        cstackCOMRAM 00005F
___fltol@sign1                     cstackCOMRAM 000067
___heap_hi                         (abs)        000000
___heap_lo                         (abs)        000000
___inthi_sp                        stack        000000
___inthi_stack_hi                  stack        000000
___inthi_stack_lo                  stack        000000
___intlo_sp                        stack        000000
___intlo_stack_hi                  stack        000000
___intlo_stack_lo                  stack        000000
___param_bank                      (abs)        000000
___rparam_used                     (abs)        000001
___sp                              stack        000000
___stack_hi                        stack        000000
___stack_lo                        stack        000000
___xxtofl                          text2        001442
___xxtofl@arg                      cstackCOMRAM 000019
___xxtofl@exp                      cstackCOMRAM 000018
___xxtofl@sign                     cstackCOMRAM 000017
___xxtofl@val                      cstackCOMRAM 00000F
__accesstop                        (abs)        000080
__activetblptr                     (abs)        000000
__end_of_ClearBuffer               text11       001ACA
__end_of_GetString                 text9        0019DA
__end_of_H_ISR                     intcode_body 001976
__end_of_Initialize                text8        00190E
__end_of_Lo_ISR                    intcodelo    00006C
__end_of_MyusartRead               text13       001A8A
__end_of___fladd                   text6        000AB8
__end_of___fldiv                   text5        00126E
__end_of___flmul                   text4        000EDE
__end_of___fltol                   text3        00188A
__end_of___xxtofl                  text2        0015F6
__end_of__initialization           cinit        001B36
__end_of_button_pressed            text17       001B08
__end_of_keyboard_input            text7        001B72
__end_of_main                      text0        001784
__end_of_putch                     text14       001A3C
__end_of_set_servo_angle           text1        001442
__end_of_strcpy                    text10       001B6E
__end_of_variable_register_changed text16       001B74
__initialization                   cinit        001B08
__mediumconst                      mediumconst  000000
__pbssBANK0                        bssBANK0     0000F8
__pbssBANK1                        bssBANK1     000100
__pbssCOMRAM                       bssCOMRAM    00006F
__pcinit                           cinit        001B08
__pcstackBANK0                     cstackBANK0  000080
__pcstackCOMRAM                    cstackCOMRAM 000001
__pdataBANK0                       dataBANK0    0000FA
__pidataBANK0                      idataBANK0   001B6E
__pintcode                         intcode      000008
__pintcode_body                    intcode_body 00190E
__pintcodelo                       intcodelo    000018
__psmallconst                      smallconst   000600
__ptext0                           text0        0015F6
__ptext1                           text1        00126E
__ptext10                          text10       001B40
__ptext11                          text11       001A8A
__ptext13                          text13       001A3C
__ptext14                          text14       0019DA
__ptext16                          text16       001B72
__ptext17                          text17       001ACA
__ptext2                           text2        001442
__ptext3                           text3        001784
__ptext4                           text4        000AB8
__ptext5                           text5        000EDE
__ptext6                           text6        000602
__ptext7                           text7        001B70
__ptext8                           text8        00188A
__ptext9                           text9        001976
__ramtop                           ramtop       000600
__smallconst                       smallconst   000600
_buffer                            bssBANK1     000100
_buffer_size                       bssCOMRAM    00006F
_button_pressed                    text17       001ACA
_current_servo_angle               bssBANK0     0000F8
_keyboard_input                    text7        001B70
_main                              text0        0015F6
_mode                              dataBANK0    0000FA
_putch                             text14       0019DA
_set_servo_angle                   text1        00126E
_set_servo_angle$1584              cstackBANK0  000080
_set_servo_angle$1585              cstackBANK0  000084
_strcpy                            text10       001B40
_variable_register_changed         text16       001B72
btemp                              temp         000071
end_of_initialization              cinit        001B36
int$flags                          temp         000071
int_func                           intcode_body 00190E
intlevel0                          text         000000
intlevel1                          text         000000
intlevel2                          text         000000
intlevel3                          text         000000
isa$std                            (abs)        000001
isa$xinst                          (abs)        000000
keyboard_input@str                 cstackCOMRAM 00000F
main@str                           cstackBANK0  00008C
main@x                             cstackBANK0  0000F0
main@x_926                         cstackBANK0  0000F2
main@x_927                         cstackBANK0  0000F4
main@x_928                         cstackBANK0  0000F6
putch@data                         cstackCOMRAM 000007
set_servo_angle@angle              cstackCOMRAM 000069
set_servo_angle@current            cstackBANK0  00008A
set_servo_angle@target             cstackBANK0  000088
stackhi                            (abs)        000000
stacklo                            (abs)        000000
start                              init         00006C
start_initialization               cinit        001B08
strcpy@d                           cstackCOMRAM 000012
strcpy@dest                        cstackCOMRAM 00000F
strcpy@src                         cstackCOMRAM 000010
ttemp5                             temp         000072
ttemp6                             temp         000075
ttemp7                             temp         000079
variable_register_changed@value    cstackCOMRAM 000001
wtemp8                             temp         000072


MODULE INFORMATION

Module		Function		Class		Link	Load	Size
C:\Program Files\Microchip\xc8\v2.50\pic\sources\c99\common\sprcmul.c
		___flmul       		CODE           	0AB8	0000	1062

C:\Program Files\Microchip\xc8\v2.50\pic\sources\c99\common\sprcmul.c estimated size: 1062

C:\Program Files\Microchip\xc8\v2.50\pic\sources\c99\common\sprcdiv.c
		___fldiv       		CODE           	0EDE	0000	912

C:\Program Files\Microchip\xc8\v2.50\pic\sources\c99\common\sprcdiv.c estimated size: 912

C:\Program Files\Microchip\xc8\v2.50\pic\sources\c99\common\xxtofl.c
		___xxtofl      		CODE           	1442	0000	436

C:\Program Files\Microchip\xc8\v2.50\pic\sources\c99\common\xxtofl.c estimated size: 436

C:\Program Files\Microchip\xc8\v2.50\pic\sources\c99\common\strcpy.c
		_strcpy        		CODE           	1B40	0000	46

C:\Program Files\Microchip\xc8\v2.50\pic\sources\c99\common\strcpy.c estimated size: 46

C:\Program Files\Microchip\xc8\v2.50\pic\sources\c99\common\sprcadd.c
		___fladd       		CODE           	0602	0000	1206

C:\Program Files\Microchip\xc8\v2.50\pic\sources\c99\common\sprcadd.c estimated size: 1206

shared
		__initialization		CODE           	1B08	0000	46

shared estimated size: 46

C:\Program Files\Microchip\xc8\v2.50\pic\sources\c99\common\fltol.c
		___fltol       		CODE           	1784	0000	262

C:\Program Files\Microchip\xc8\v2.50\pic\sources\c99\common\fltol.c estimated size: 262

2aa.c
		_variable_register_changed		CODE           	1B72	0000	2
		_Lo_ISR        		CODE           	0018	0000	84
		_set_servo_angle		CODE           	126E	0000	468
		_MyusartRead   		CODE           	1A3C	0000	78
		_button_pressed		CODE           	1ACA	0000	62
		_putch         		CODE           	19DA	0000	98
		_keyboard_input		CODE           	1B70	0000	2
		_H_ISR         		CODE           	0008	0000	110
		_main          		CODE           	15F6	0000	398
		_Initialize    		CODE           	188A	0000	132
		_GetString     		CODE           	1976	0000	100
		_ClearBuffer   		CODE           	1A8A	0000	64

2aa.c estimated size: 1598

