Microchip MPLAB XC8 Compiler V2.50

Linker command line:

-W-3 \
  --edf=C:\Program Files\Microchip\xc8\v2.50\pic\dat\20240725155939_en.msgs \
  -cn -h+dist/default/debug\2022.X.debug.sym \
  --cmf=dist/default/debug\2022.X.debug.cmf -z -Q18F4520 \
  -oC:\Users\wanga\AppData\Local\Temp\xcAsdp8.\driver_tmp_3.o \
  --defsym=__MPLAB_BUILD=1 --fixupoverflow=error \
  -Mdist/default/debug/2022.X.debug.map \
  --md=C:\Users\wanga\AppData\Local\Temp\xcAsdp8.\driver_tmp_0.dat -E1 \
  -ver=XC8 Compiler --acfsm=1493 -ACODE=00h-07DBFh -ACONST=00h-07DBFh \
  -ASMALLCONST=0600h-06FFhx119,07D00h-07DBFh -AMEDIUMCONST=0600h-07DBFh \
  -ACOMRAM=01h-07Fh -AABS1=00h-05F3h -ABIGRAM=01h-05F3h \
  -ARAM=080h-0FFh,0100h-01FFhx4,0500h-05F3h -ABANK0=080h-0FFh \
  -ABANK1=0100h-01FFh -ABANK2=0200h-02FFh -ABANK3=0300h-03FFh \
  -ABANK4=0400h-04FFh -ABANK5=0500h-05F3h \
  -ASFR=0F80h-0F9Bh,0F9Dh-0FD3h,0FD5h-0FDAh,0FE0h-0FE2h,0FE8h-0FEAh,0FF0h-0FFCh \
  -ABIGSFR=0F80h-0F9Bh,0F9Dh-0FD3h,0FD5h-0FDAh,0FE0h-0FE2h,0FE8h-0FEAh,0FF0h-0FFCh \
  -ACONFIG=0300000h-030000Dh -AIDLOC=0200000h-0200007h \
  -AEEDATA=0F00000h-0F000FFh -peeprom_data=EEDATA \
  -preset_vec=00h,intcode=8h,intcodelo=18h,powerup,init -pramtop=0600h \
  -psmallconst=SMALLCONST -pmediumconst=MEDIUMCONST -pconst=CONST \
  -AFARRAM=00h-00h \
  -prdata=COMRAM,nvrram=COMRAM,nvbit=COMRAM,rbss=COMRAM,rbit=COMRAM \
  -pfarbss=FARRAM,fardata=FARRAM,nvFARRAM=FARRAM \
  -pintsave_regs=BIGRAM,bigbss=BIGRAM,bigdata=BIGRAM -pbss=RAM \
  -pidata=CODE,irdata=CODE,ibigdata=CODE,ifardata=CODE -prparam=COMRAM \
  C:\Users\wanga\AppData\Local\Temp\xcAsdp8.\driver_tmp_14.o \
  dist/default/debug\2022.X.debug.o 

Object code version is 3.11

Machine type is 18F4520



                Name                               Link     Load   Length Selector   Space Scale
C:\Users\wanga\AppData\Local\Temp\xcAsdp8.\driver_tmp_14.o
                idloc                            200000   200000        8        0       5
                config                           300000   300000        E        0       4
                init                                 6C       6C        4        C       0
                reset_vec                             0        0        4        0       0
dist/default/debug\2022.X.debug.o
                intcodelo                            18       18       54        C       0
                intcode                               8        8        6        4       0
                idloc                            200000   200000        8        0       5
                config                           300000   300000        E        0       4
                temp                                 5D       5D        1        1       1
                smallconst                          600      600        A      300       0
                text19                              E9C      E9C        2      305       0
                text18                              9AA      9AA       C2      305       0
                text17                              A6C      A6C       AE      305       0
                text16                              DF0      DF0       34      305       0
                text15                              C7C      C7C       62      305       0
                text14                              8E0      8E0       CA      305       0
                text13                              60A      60A      1B0      305       0
                text12                              DB2      DB2       3E      305       0
                text11                              E7E      E7E       1A      305       0
                text10                              E9A      E9A        2      305       0
                intcode_body                        7BA      7BA      126      305       0
                text8                               C16      C16       66      305       0
                text7                               CDE      CDE       50      305       0
                text5                               D70      D70       42      305       0
                text4                               E24      E24       30      305       0
                text3                               BAC      BAC       6A      305       0
                text2                               B1A      B1A       92      305       0
                text1                               E98      E98        2      305       0
                text0                               D2E      D2E       42      305       0
                cstackCOMRAM                         30       30       2D        1       1
                cstackBANK0                          80       80       73       80       1
                bssBANK1                            100      100       64      100       1
                bssCOMRAM                             1        1       2F        1       1
                cinit                               E54      E54       2A      305       0

TOTAL           Name                               Link     Load   Length     Space
        CLASS   CODE           
                intcodelo                            18       18       54         0
                intcode                               8        8        6         0
                init                                 6C       6C        4         0
                reset_vec                             0        0        4         0
                text19                              E9C      E9C        2         0
                text18                              9AA      9AA       C2         0
                text17                              A6C      A6C       AE         0
                text16                              DF0      DF0       34         0
                text15                              C7C      C7C       62         0
                text14                              8E0      8E0       CA         0
                text13                              60A      60A      1B0         0
                text12                              DB2      DB2       3E         0
                text11                              E7E      E7E       1A         0
                text10                              E9A      E9A        2         0
                intcode_body                        7BA      7BA      126         0
                text8                               C16      C16       66         0
                text7                               CDE      CDE       50         0
                text5                               D70      D70       42         0
                text4                               E24      E24       30         0
                text3                               BAC      BAC       6A         0
                text2                               B1A      B1A       92         0
                text1                               E98      E98        2         0
                text0                               D2E      D2E       42         0
                cinit                               E54      E54       2A         0

        CLASS   CONST          

        CLASS   SMALLCONST     
                smallconst                          600      600        A         0

        CLASS   MEDIUMCONST    

        CLASS   COMRAM         
                temp                                 5D       5D        1         1
                cstackCOMRAM                         30       30       2D         1
                bssCOMRAM                             1        1       2F         1

        CLASS   ABS1           

        CLASS   BIGRAM         

        CLASS   RAM            

        CLASS   BANK0          
                cstackBANK0                          80       80       73         1

        CLASS   BANK1          
                bssBANK1                            100      100       64         1

        CLASS   BANK2          

        CLASS   BANK3          

        CLASS   BANK4          

        CLASS   BANK5          

        CLASS   SFR            

        CLASS   BIGSFR         

        CLASS   CONFIG         
                config                           300000   300000        E         4

        CLASS   IDLOC          
                idloc                            200000   200000        8         5

        CLASS   EEDATA         

        CLASS   FARRAM         

        CLASS   HEAP           

        CLASS   STACK          



SEGMENTS        Name                           Load    Length   Top    Selector   Space  Class

                reset_vec                      000000  000004  000004         0       0  CODE    
                bssCOMRAM                      000001  00005D  00005E         1       1  COMRAM  
                intcode                        000008  000006  00000E         4       0  CODE    
                intcodelo                      000018  000058  000070         C       0  CODE    
                cstackBANK0                    000080  000073  0000F3        80       1  BANK0   
                bssBANK1                       000100  000064  000164       100       1  BANK1   
                smallconst                     000600  00000A  00060A       300       0  SMALLCON
                text13                         00060A  000894  000E9E       305       0  CODE    


UNUSED ADDRESS RANGES

        Name                Unused          Largest block    Delta
        BANK0            0000F3-0000FF                D
        BANK1            000164-0001FF               9C
        BANK2            000200-0002FF              100
        BANK3            000300-0003FF              100
        BANK4            000400-0004FF              100
        BANK5            000500-0005F3               F4
        BIGRAM           00005E-00007F               22
                         0000F3-0000FF                D
                         000164-0005F3              490
        BIGSFR           000F80-000F9B               1C
                         000F9D-000FD3               37
                         000FD5-000FDA                6
                         000FE0-000FE2                3
                         000FE8-000FEA                3
                         000FF0-000FFC                D
        CODE             000004-000007                4
                         00000E-000017                A
                         000070-0005FF              590
                         000E9E-007DBF             6F22
        COMRAM           00005E-00007F               22
        CONST            000004-000007                4
                         00000E-000017                A
                         000070-0005FF              590
                         000E9E-007DBF             6F22
        EEDATA           F00000-F000FF              100
        MEDIUMCONST      000E9E-007DBF             6F22
        RAM              0000F3-0000FF                D
                         000164-0005F3              100
        SFR              000F80-000F9B               1C
                         000F9D-000FD3               37
                         000FD5-000FDA                6
                         000FE0-000FE2                3
                         000FE8-000FEA                3
                         000FF0-000FFC                D
        SMALLCONST       000E9E-007DBF              100

                                  Symbol Table

?_GetString                        cstackBANK0  00008C
?___awdiv                          cstackCOMRAM 000030
?___awmod                          cstackCOMRAM 000030
?_abs                              cstackCOMRAM 000036
?_printf                           cstackCOMRAM 00004B
?_vfprintf                         cstackCOMRAM 000046
ClearBuffer@i                      cstackBANK0  000088
GetString@str                      cstackBANK0  00008C
H_ISR@value                        cstackCOMRAM 00005B
MyusartRead@data                   cstackBANK0  000082
_ADCON0bits                        (abs)        000FC2
_ADCON1bits                        (abs)        000FC1
_ADCON2bits                        (abs)        000FC0
_ADRESH                            (abs)        000FC4
_ADRESL                            (abs)        000FC3
_BAUDCONbits                       (abs)        000FB8
_CCP1CONbits                       (abs)        000FBD
_CCPR1L                            (abs)        000FBE
_CREN                              (abs)        007D5C
_ClearBuffer                       text5        000D70
_GetString                         text3        000BAC
_H_ISR                             intcode      000008
_INTCONbits                        (abs)        000FF2
_IPR1bits                          (abs)        000F9F
_Initialize                        text2        000B1A
_LATA                              (abs)        000F89
_LATC                              (abs)        000F8B
_Lo_ISR                            intcodelo    000018
_MyusartRead                       text7        000CDE
_OSCCONbits                        (abs)        000FD3
_PIE1bits                          (abs)        000F9D
_PIR1bits                          (abs)        000F9E
_PR2                               (abs)        000FCB
_RCIF                              (abs)        007CF5
_RCONbits                          (abs)        000FD0
_RCREG                             (abs)        000FAE
_RCSTAbits                         (abs)        000FAB
_SPBRG                             (abs)        000FAF
_T1CON                             (abs)        000FCD
_T1CONbits                         (abs)        000FCD
_T2CONbits                         (abs)        000FCA
_TMR1H                             (abs)        000FCF
_TMR1L                             (abs)        000FCE
_TRISA                             (abs)        000F92
_TRISAbits                         (abs)        000F92
_TRISB                             (abs)        000F93
_TRISC                             (abs)        000F94
_TRISCbits                         (abs)        000F94
_TXREG                             (abs)        000FAD
_TXSTAbits                         (abs)        000FAC
__HRAM                             (abs)        000000
__H__absolute__                    __absolute__ 000000
__Habs1                            abs1         000000
__Hbank0                           bank0        000000
__Hbank1                           bank1        000000
__Hbank2                           bank2        000000
__Hbank3                           bank3        000000
__Hbank4                           bank4        000000
__Hbank5                           bank5        000000
__Hbigbss                          bigbss       000000
__Hbigdata                         bigdata      000000
__Hbigram                          bigram       000000
__Hbigsfr                          bigsfr       000000
__Hbss                             bss          000000
__HbssBANK1                        bssBANK1     000000
__HbssCOMRAM                       bssCOMRAM    000000
__Hcinit                           cinit        000000
__Hclrtext                         clrtext      000000
__Hcomram                          comram       000000
__Hconfig                          config       30000E
__Hconst                           const        000000
__HcstackBANK0                     cstackBANK0  000000
__HcstackCOMRAM                    cstackCOMRAM 000000
__Hdata                            data         000000
__Heeprom_data                     eeprom_data  000000
__Hfarbss                          farbss       000000
__Hfardata                         fardata      000000
__Hheap                            heap         000000
__Hibigdata                        ibigdata     000000
__Hidata                           idata        000000
__Hidloc                           idloc        200008
__Hifardata                        ifardata     000000
__Hinit                            init         000070
__Hintcode                         intcode      00000E
__Hintcode_body                    intcode_body 000000
__Hintcodelo                       intcodelo    00006C
__Hintentry                        intentry     000000
__Hintret                          intret       000000
__Hintsave_regs                    intsave_regs 000000
__Hirdata                          irdata       000000
__Hmediumconst                     mediumconst  000000
__HnvFARRAM                        nvFARRAM     000000
__Hnvbit                           nvbit        000000
__Hnvrram                          nvrram       000000
__Hparam                           rparam       000000
__Hpowerup                         powerup      00006C
__Hram                             ram          000000
__Hramtop                          ramtop       000600
__Hrbit                            rbit         000000
__Hrbss                            rbss         000000
__Hrdata                           rdata        000000
__Hreset_vec                       reset_vec    000004
__Hrparam                          rparam       000000
__Hsfr                             sfr          000000
__Hsivt_hi                         sivt_hi      000000
__Hsivt_lo                         sivt_lo      000000
__Hsmallconst                      smallconst   00060A
__Hspace_0                         (abs)        000E9E
__Hspace_1                         (abs)        000164
__Hspace_2                         (abs)        000000
__Hspace_4                         (abs)        60000E
__Hstack                           stack        000000
__Hstruct                          struct       000000
__Htemp                            temp         00005E
__Htext                            text         000000
__Htext0                           text0        000000
__Htext1                           text1        000000
__Htext10                          text10       000000
__Htext11                          text11       000000
__Htext12                          text12       000000
__Htext13                          text13       000000
__Htext14                          text14       000000
__Htext15                          text15       000000
__Htext16                          text16       000000
__Htext17                          text17       000000
__Htext18                          text18       000000
__Htext19                          text19       000000
__Htext2                           text2        000000
__Htext3                           text3        000000
__Htext4                           text4        000000
__Htext5                           text5        000000
__Htext7                           text7        000000
__Htext8                           text8        000000
__LRAM                             (abs)        000001
__L__absolute__                    __absolute__ 000000
__Labs1                            abs1         000000
__Lbank0                           bank0        000000
__Lbank1                           bank1        000000
__Lbank2                           bank2        000000
__Lbank3                           bank3        000000
__Lbank4                           bank4        000000
__Lbank5                           bank5        000000
__Lbigbss                          bigbss       000000
__Lbigdata                         bigdata      000000
__Lbigram                          bigram       000000
__Lbigsfr                          bigsfr       000000
__Lbss                             bss          000000
__LbssBANK1                        bssBANK1     000000
__LbssCOMRAM                       bssCOMRAM    000000
__Lcinit                           cinit        000000
__Lclrtext                         clrtext      000000
__Lcomram                          comram       000000
__Lconfig                          config       000000
__Lconst                           const        000000
__LcstackBANK0                     cstackBANK0  000000
__LcstackCOMRAM                    cstackCOMRAM 000000
__Ldata                            data         000000
__Leeprom_data                     eeprom_data  000000
__Lfarbss                          farbss       000000
__Lfardata                         fardata      000000
__Lheap                            heap         000000
__Libigdata                        ibigdata     000000
__Lidata                           idata        000000
__Lidloc                           idloc        000000
__Lifardata                        ifardata     000000
__Linit                            init         00006C
__Lintcode                         intcode      000008
__Lintcode_body                    intcode_body 000000
__Lintcodelo                       intcodelo    000018
__Lintentry                        intentry     000000
__Lintret                          intret       000000
__Lintsave_regs                    intsave_regs 000000
__Lirdata                          irdata       000000
__Lmediumconst                     mediumconst  000000
__LnvFARRAM                        nvFARRAM     000000
__Lnvbit                           nvbit        000000
__Lnvrram                          nvrram       000000
__Lparam                           rparam       000000
__Lpowerup                         powerup      00006C
__Lram                             ram          000000
__Lramtop                          ramtop       000600
__Lrbit                            rbit         000000
__Lrbss                            rbss         000000
__Lrdata                           rdata        000000
__Lreset_vec                       reset_vec    000000
__Lrparam                          rparam       000000
__Lsfr                             sfr          000000
__Lsivt_hi                         sivt_hi      000000
__Lsivt_lo                         sivt_lo      000000
__Lsmallconst                      smallconst   000600
__Lspace_0                         (abs)        000000
__Lspace_1                         (abs)        000000
__Lspace_2                         (abs)        000000
__Lspace_4                         (abs)        000000
__Lstack                           stack        000000
__Lstruct                          struct       000000
__Ltemp                            temp         00005D
__Ltext                            text         000000
__Ltext0                           text0        000000
__Ltext1                           text1        000000
__Ltext10                          text10       000000
__Ltext11                          text11       000000
__Ltext12                          text12       000000
__Ltext13                          text13       000000
__Ltext14                          text14       000000
__Ltext15                          text15       000000
__Ltext16                          text16       000000
__Ltext17                          text17       000000
__Ltext18                          text18       000000
__Ltext19                          text19       000000
__Ltext2                           text2        000000
__Ltext3                           text3        000000
__Ltext4                           text4        000000
__Ltext5                           text5        000000
__Ltext7                           text7        000000
__Ltext8                           text8        000000
__S0                               (abs)        000E9E
__S1                               (abs)        000164
__S4                               (abs)        000000
__S5                               (abs)        000000
___awdiv                           text18       0009AA
___awdiv@counter                   cstackCOMRAM 000034
___awdiv@dividend                  cstackCOMRAM 000030
___awdiv@divisor                   cstackCOMRAM 000032
___awdiv@quotient                  cstackCOMRAM 000036
___awdiv@sign                      cstackCOMRAM 000035
___awmod                           text17       000A6C
___awmod@counter                   cstackCOMRAM 000034
___awmod@dividend                  cstackCOMRAM 000030
___awmod@divisor                   cstackCOMRAM 000032
___awmod@sign                      cstackCOMRAM 000035
___heap_hi                         (abs)        000000
___heap_lo                         (abs)        000000
___inthi_sp                        stack        000000
___inthi_stack_hi                  stack        000000
___inthi_stack_lo                  stack        000000
___intlo_sp                        stack        000000
___intlo_stack_hi                  stack        000000
___intlo_stack_lo                  stack        000000
___param_bank                      (abs)        000000
___rparam_used                     (abs)        000001
___sp                              stack        000000
___stack_hi                        stack        000000
___stack_lo                        stack        000000
__accesstop                        (abs)        000080
__activetblptr                     (abs)        000001
__end_of_ClearBuffer               text5        000DB2
__end_of_GetString                 text3        000C16
__end_of_H_ISR                     intcode_body 0008E0
__end_of_Initialize                text2        000BAC
__end_of_Lo_ISR                    intcodelo    00006C
__end_of_MyusartRead               text7        000D2E
__end_of___awdiv                   text18       000A6C
__end_of___awmod                   text17       000B1A
__end_of__initialization           cinit        000E6C
__end_of_abs                       text16       000E24
__end_of_button_pressed            text19       000E9E
__end_of_fputc                     text14       0009AA
__end_of_keyboard_input            text1        000E9A
__end_of_main                      text0        000D70
__end_of_printf                    text11       000E98
__end_of_putch                     text8        000C7C
__end_of_strcpy                    text4        000E54
__end_of_variable_register_changed text10       000E9C
__end_of_vfpfcnvrt                 text13       0007BA
__end_of_vfprintf                  text12       000DF0
__end_ofi2_putch                   text15       000CDE
__initialization                   cinit        000E54
__mediumconst                      mediumconst  000000
__pbssBANK1                        bssBANK1     000100
__pbssCOMRAM                       bssCOMRAM    000001
__pcinit                           cinit        000E54
__pcstackBANK0                     cstackBANK0  000080
__pcstackCOMRAM                    cstackCOMRAM 000030
__pintcode                         intcode      000008
__pintcode_body                    intcode_body 0007BA
__pintcodelo                       intcodelo    000018
__psmallconst                      smallconst   000600
__ptext0                           text0        000D2E
__ptext1                           text1        000E98
__ptext10                          text10       000E9A
__ptext11                          text11       000E7E
__ptext12                          text12       000DB2
__ptext13                          text13       00060A
__ptext14                          text14       0008E0
__ptext15                          text15       000C7C
__ptext16                          text16       000DF0
__ptext17                          text17       000A6C
__ptext18                          text18       0009AA
__ptext19                          text19       000E9C
__ptext2                           text2        000B1A
__ptext3                           text3        000BAC
__ptext4                           text4        000E24
__ptext5                           text5        000D70
__ptext7                           text7        000CDE
__ptext8                           text8        000C16
__ramtop                           ramtop       000600
__smallconst                       smallconst   000600
_abs                               text16       000DF0
_buffer                            bssBANK1     000100
_buffer_size                       bssCOMRAM    00002D
_button_pressed                    text19       000E9C
_ccc                               bssCOMRAM    000029
_current_servo_angle               bssCOMRAM    00002B
_dbuf                              bssCOMRAM    000001
_flags                             bssCOMRAM    00002F
_fputc                             text14       0008E0
_keyboard_input                    text1        000E98
_main                              text0        000D2E
_one                               bssCOMRAM    000027
_prec                              bssCOMRAM    000023
_printf                            text11       000E7E
_putch                             text8        000C16
_strcpy                            text4        000E24
_two                               bssCOMRAM    000025
_variable_register_changed         text10       000E9A
_vfpfcnvrt                         text13       00060A
_vfprintf                          text12       000DB2
_width                             bssCOMRAM    000021
abs@a                              cstackCOMRAM 000036
btemp                              temp         00005D
end_of_initialization              cinit        000E6C
fputc@c                            cstackCOMRAM 000031
fputc@fp                           cstackCOMRAM 000033
i2_putch                           text15       000C7C
i2putch@data                       cstackCOMRAM 000030
int$flags                          temp         00005D
int_func                           intcode_body 0007BA
intlevel0                          text         000000
intlevel1                          text         000000
intlevel2                          text         000000
intlevel3                          text         000000
isa$std                            (abs)        000001
isa$xinst                          (abs)        000000
keyboard_input@str                 cstackBANK0  000088
main@str                           cstackBANK0  00008F
printf@ap                          cstackCOMRAM 000050
printf@fmt                         cstackCOMRAM 00004B
putch@data                         cstackBANK0  000080
stackhi                            (abs)        000000
stacklo                            (abs)        000000
start                              init         00006C
start_initialization               cinit        000E54
strcpy@d                           cstackBANK0  00008B
strcpy@dest                        cstackBANK0  000088
strcpy@src                         cstackBANK0  000089
ttemp5                             temp         00005E
ttemp6                             temp         000061
ttemp7                             temp         000065
variable_register_changed@value    cstackCOMRAM 000030
vfpfcnvrt@ap                       cstackCOMRAM 00003D
vfpfcnvrt@c                        cstackCOMRAM 000045
vfpfcnvrt@convarg                  cstackCOMRAM 000041
vfpfcnvrt@cp                       cstackCOMRAM 000040
vfpfcnvrt@done                     cstackCOMRAM 00003F
vfpfcnvrt@fmt                      cstackCOMRAM 00003C
vfpfcnvrt@fp                       cstackCOMRAM 00003A
vfprintf@ap                        cstackCOMRAM 000049
vfprintf@cfmt                      cstackCOMRAM 00004A
vfprintf@fmt                       cstackCOMRAM 000048
vfprintf@fp                        cstackCOMRAM 000046
wtemp8                             temp         00005E


MODULE INFORMATION

Module		Function		Class		Link	Load	Size
C:\Program Files\Microchip\xc8\v2.50\pic\sources\c99\common\printf.c
		_printf        		CODE           	0E7E	0000	26

C:\Program Files\Microchip\xc8\v2.50\pic\sources\c99\common\printf.c estimated size: 26

C:\Program Files\Microchip\xc8\v2.50\pic\sources\c99\common\awmod.c
		___awmod       		CODE           	0A6C	0000	174

C:\Program Files\Microchip\xc8\v2.50\pic\sources\c99\common\awmod.c estimated size: 174

C:\Program Files\Microchip\xc8\v2.50\pic\sources\c99\common\abs.c
		_abs           		CODE           	0DF0	0000	52

C:\Program Files\Microchip\xc8\v2.50\pic\sources\c99\common\abs.c estimated size: 52

C:\Program Files\Microchip\xc8\v2.50\pic\sources\c99\common\strcpy.c
		_strcpy        		CODE           	0E24	0000	48

C:\Program Files\Microchip\xc8\v2.50\pic\sources\c99\common\strcpy.c estimated size: 48

C:\Program Files\Microchip\xc8\v2.50\pic\sources\c99\common\nf_fputc.c
		_fputc         		CODE           	08E0	0000	202

C:\Program Files\Microchip\xc8\v2.50\pic\sources\c99\common\nf_fputc.c estimated size: 202

shared
		i2_putch       		CODE           	0C7C	0000	98
		__initialization		CODE           	0E54	0000	24

shared estimated size: 122

C:\Program Files\Microchip\xc8\v2.50\pic\sources\c99\common\awdiv.c
		___awdiv       		CODE           	09AA	0000	194

C:\Program Files\Microchip\xc8\v2.50\pic\sources\c99\common\awdiv.c estimated size: 194

C:\Program Files\Microchip\xc8\v2.50\pic\sources\c99\common\doprnt.c
		_vfpfcnvrt     		CODE           	060A	0000	432
		_vfprintf      		CODE           	0DB2	0000	62

C:\Program Files\Microchip\xc8\v2.50\pic\sources\c99\common\doprnt.c estimated size: 494

2b.c
		_variable_register_changed		CODE           	0E9A	0000	2
		_Lo_ISR        		CODE           	0018	0000	84
		_MyusartRead   		CODE           	0CDE	0000	80
		_button_pressed		CODE           	0E9C	0000	2
		_putch         		CODE           	0C16	0000	102
		_keyboard_input		CODE           	0E98	0000	2
		_H_ISR         		CODE           	0008	0000	300
		_main          		CODE           	0D2E	0000	66
		_Initialize    		CODE           	0B1A	0000	146
		_GetString     		CODE           	0BAC	0000	106
		_ClearBuffer   		CODE           	0D70	0000	66

2b.c estimated size: 956

