MPLINK 5.09, LINKER
Linker Map File - Created Thu Oct 17 10:29:27 2024

                                 Section Info
                  Section       Type    Address   Location Size(Bytes)
                ---------  ---------  ---------  ---------  ---------
                   .org_0       code   0x000000    program   0x00004e
                   .cinit    romdata   0x00004e    program   0x000002
.config_300001_BUILD/DEFAULT/DEBUG/BONUS.O    romdata   0x300001    program   0x000001
.config_300003_BUILD/DEFAULT/DEBUG/BONUS.O    romdata   0x300003    program   0x000001



                              Program Memory Usage 
                               Start         End      
                           ---------   ---------      
                            0x000000    0x00004f      
                            0x300001    0x300001      
                            0x300003    0x300003      
            82 out of 33048 program addresses used, program memory utilization is 0%



                              Symbols - Sorted by Name
                     Name    Address   Location    Storage File                     
                ---------  ---------  ---------  --------- ---------                
                      fib   0x000020    program     static C:\Users\wanga\MPLABXProjects\LAB4.X\bonus.asm
                     gaga   0x00004e    program     static C:\Users\wanga\MPLABXProjects\LAB4.X\bonus.asm
                    start   0x000014    program     static C:\Users\wanga\MPLABXProjects\LAB4.X\bonus.asm
                      two   0x000030    program     static C:\Users\wanga\MPLABXProjects\LAB4.X\bonus.asm



                              Symbols - Sorted by Address
                     Name    Address   Location    Storage File                     
                ---------  ---------  ---------  --------- ---------                
                    start   0x000014    program     static C:\Users\wanga\MPLABXProjects\LAB4.X\bonus.asm
                      fib   0x000020    program     static C:\Users\wanga\MPLABXProjects\LAB4.X\bonus.asm
                      two   0x000030    program     static C:\Users\wanga\MPLABXProjects\LAB4.X\bonus.asm
                     gaga   0x00004e    program     static C:\Users\wanga\MPLABXProjects\LAB4.X\bonus.asm


