Microchip MPLAB XC8 Compiler V2.50

Linker command line:

-W-3 \
  --edf=C:\Program Files\Microchip\xc8\v2.50\pic\dat\20240725155939_en.msgs \
  -cn -h+dist/default/debug\FINAL.X.debug.sym \
  --cmf=dist/default/debug\FINAL.X.debug.cmf -z -Q18F4520 \
  -oC:\Users\wanga\AppData\Local\Temp\xcAs8oo.\driver_tmp_3.o \
  --defsym=__MPLAB_BUILD=1 --fixupoverflow=error \
  -Mdist/default/debug/FINAL.X.debug.map \
  --md=C:\Users\wanga\AppData\Local\Temp\xcAs8oo.\driver_tmp_0.dat -E1 \
  -ver=XC8 Compiler --acfsm=1493 -ACODE=00h-07DBFh -ACONST=00h-07DBFh \
  -ASMALLCONST=0600h-06FFhx119,07D00h-07DBFh -AMEDIUMCONST=0600h-07DBFh \
  -ACOMRAM=01h-07Fh -AABS1=00h-05F3h -ABIGRAM=01h-05F3h \
  -ARAM=080h-0FFh,0100h-01FFhx4,0500h-05F3h -ABANK0=080h-0FFh \
  -ABANK1=0100h-01FFh -ABANK2=0200h-02FFh -ABANK3=0300h-03FFh \
  -ABANK4=0400h-04FFh -ABANK5=0500h-05F3h \
  -ASFR=0F80h-0F9Bh,0F9Dh-0FD3h,0FD5h-0FDAh,0FE0h-0FE2h,0FE8h-0FEAh,0FF0h-0FFCh \
  -ABIGSFR=0F80h-0F9Bh,0F9Dh-0FD3h,0FD5h-0FDAh,0FE0h-0FE2h,0FE8h-0FEAh,0FF0h-0FFCh \
  -ACONFIG=0300000h-030000Dh -AIDLOC=0200000h-0200007h \
  -AEEDATA=0F00000h-0F000FFh -peeprom_data=EEDATA \
  -preset_vec=00h,intcode=8h,intcodelo=18h,powerup,init -pramtop=0600h \
  -psmallconst=SMALLCONST -pmediumconst=MEDIUMCONST -pconst=CONST \
  -AFARRAM=00h-00h \
  -prdata=COMRAM,nvrram=COMRAM,nvbit=COMRAM,rbss=COMRAM,rbit=COMRAM \
  -pfarbss=FARRAM,fardata=FARRAM,nvFARRAM=FARRAM \
  -pintsave_regs=BIGRAM,bigbss=BIGRAM,bigdata=BIGRAM -pbss=RAM \
  -pidata=CODE,irdata=CODE,ibigdata=CODE,ifardata=CODE -prparam=COMRAM \
  C:\Users\wanga\AppData\Local\Temp\xcAs8oo.\driver_tmp_14.o \
  dist/default/debug\FINAL.X.debug.o 

Object code version is 3.11

Machine type is 18F4520



                Name                               Link     Load   Length Selector   Space Scale
C:\Users\wanga\AppData\Local\Temp\xcAs8oo.\driver_tmp_14.o
                idloc                            200000   200000        8        0       5
                config                           300000   300000        E        0       4
                init                                 6C       6C        4        C       0
                reset_vec                             0        0        4        0       0
dist/default/debug\FINAL.X.debug.o
                intcodelo                            18       18       54        C       0
                intcode                               8        8        6        4       0
                idloc                            200000   200000        8        0       5
                config                           300000   300000        E        0       4
                temp                                 61       61        1        1       1
                smallconst                          600      600       20      300       0
                text20                             10A8     10A8        2      310       0
                text19                              A66      A66       C2      310       0
                text18                              BE0      BE0       AE      310       0
                text17                              E48      E48       62      310       0
                text16                              99C      99C       CA      310       0
                text15                              DE2      DE2       66      310       0
                text14                              FBE      FBE       3E      310       0
                text13                             108E     108E       1A      310       0
                text12                             1056     1056       1E      310       0
                text11                              F7E      F7E       40      310       0
                text10                              620      620      37C      310       0
                intcode_body                        B28      B28       B8      310       0
                text8                               D7C      D7C       66      310       0
                text7                               EAA      EAA       50      310       0
                text5                               F3C      F3C       42      310       0
                text4                               FFC      FFC       30      310       0
                text3                               D12      D12       6A      310       0
                text2                               C8E      C8E       84      310       0
                text1                              1074     1074       1A      310       0
                text0                               EFA      EFA       42      310       0
                cstackCOMRAM                         3C       3C       25        1       1
                cstackBANK0                          80       80       73       80       1
                bssBANK1                            100      100       64      100       1
                bssCOMRAM                             1        1       3B        1       1
                cinit                              102C     102C       2A      310       0

TOTAL           Name                               Link     Load   Length     Space
        CLASS   CODE           
                intcodelo                            18       18       54         0
                intcode                               8        8        6         0
                init                                 6C       6C        4         0
                reset_vec                             0        0        4         0
                text20                             10A8     10A8        2         0
                text19                              A66      A66       C2         0
                text18                              BE0      BE0       AE         0
                text17                              E48      E48       62         0
                text16                              99C      99C       CA         0
                text15                              DE2      DE2       66         0
                text14                              FBE      FBE       3E         0
                text13                             108E     108E       1A         0
                text12                             1056     1056       1E         0
                text11                              F7E      F7E       40         0
                text10                              620      620      37C         0
                intcode_body                        B28      B28       B8         0
                text8                               D7C      D7C       66         0
                text7                               EAA      EAA       50         0
                text5                               F3C      F3C       42         0
                text4                               FFC      FFC       30         0
                text3                               D12      D12       6A         0
                text2                               C8E      C8E       84         0
                text1                              1074     1074       1A         0
                text0                               EFA      EFA       42         0
                cinit                              102C     102C       2A         0

        CLASS   CONST          

        CLASS   SMALLCONST     
                smallconst                          600      600       20         0

        CLASS   MEDIUMCONST    

        CLASS   COMRAM         
                temp                                 61       61        1         1
                cstackCOMRAM                         3C       3C       25         1
                bssCOMRAM                             1        1       3B         1

        CLASS   ABS1           

        CLASS   BIGRAM         

        CLASS   RAM            

        CLASS   BANK0          
                cstackBANK0                          80       80       73         1

        CLASS   BANK1          
                bssBANK1                            100      100       64         1

        CLASS   BANK2          

        CLASS   BANK3          

        CLASS   BANK4          

        CLASS   BANK5          

        CLASS   SFR            

        CLASS   BIGSFR         

        CLASS   CONFIG         
                config                           300000   300000        E         4

        CLASS   IDLOC          
                idloc                            200000   200000        8         5

        CLASS   EEDATA         

        CLASS   FARRAM         

        CLASS   HEAP           

        CLASS   STACK          



SEGMENTS        Name                           Load    Length   Top    Selector   Space  Class

                reset_vec                      000000  000004  000004         0       0  CODE    
                bssCOMRAM                      000001  000061  000062         1       1  COMRAM  
                intcode                        000008  000006  00000E         4       0  CODE    
                intcodelo                      000018  000058  000070         C       0  CODE    
                cstackBANK0                    000080  000073  0000F3        80       1  BANK0   
                bssBANK1                       000100  000064  000164       100       1  BANK1   
                smallconst                     000600  000020  000620       300       0  SMALLCON
                text10                         000620  000A8A  0010AA       310       0  CODE    


UNUSED ADDRESS RANGES

        Name                Unused          Largest block    Delta
        BANK0            0000F3-0000FF                D
        BANK1            000164-0001FF               9C
        BANK2            000200-0002FF              100
        BANK3            000300-0003FF              100
        BANK4            000400-0004FF              100
        BANK5            000500-0005F3               F4
        BIGRAM           000062-00007F               1E
                         0000F3-0000FF                D
                         000164-0005F3              490
        BIGSFR           000F80-000F9B               1C
                         000F9D-000FD3               37
                         000FD5-000FDA                6
                         000FE0-000FE2                3
                         000FE8-000FEA                3
                         000FF0-000FFC                D
        CODE             000004-000007                4
                         00000E-000017                A
                         000070-0005FF              590
                         0010AA-007DBF             6D16
        COMRAM           000062-00007F               1E
        CONST            000004-000007                4
                         00000E-000017                A
                         000070-0005FF              590
                         0010AA-007DBF             6D16
        EEDATA           F00000-F000FF              100
        MEDIUMCONST      0010AA-007DBF             6D16
        RAM              0000F3-0000FF                D
                         000164-0005F3              100
        SFR              000F80-000F9B               1C
                         000F9D-000FD3               37
                         000FD5-000FDA                6
                         000FE0-000FE2                3
                         000FE8-000FEA                3
                         000FF0-000FFC                D
        SMALLCONST       0010AA-007DBF              100

                                  Symbol Table

?_GetString                        cstackBANK0  00008C
?___awdiv                          cstackCOMRAM 00003C
?___awmod                          cstackCOMRAM 00003C
?_printf                           cstackCOMRAM 00004F
?_vfprintf                         cstackCOMRAM 00004A
ClearBuffer@i                      cstackBANK0  000088
GetString@str                      cstackBANK0  00008C
H_ISR@value                        cstackCOMRAM 00005F
MyusartRead@data                   cstackBANK0  000082
_ADCON0bits                        (abs)        000FC2
_ADCON1bits                        (abs)        000FC1
_ADCON2bits                        (abs)        000FC0
_ADRESH                            (abs)        000FC4
_ADRESL                            (abs)        000FC3
_BAUDCONbits                       (abs)        000FB8
_CCP1CONbits                       (abs)        000FBD
_CCPR1L                            (abs)        000FBE
_CREN                              (abs)        007D5C
_ClearBuffer                       text5        000F3C
_GetString                         text3        000D12
_H_ISR                             intcode      000008
_INTCONbits                        (abs)        000FF2
_IPR1bits                          (abs)        000F9F
_Initialize                        text2        000C8E
_LATA                              (abs)        000F89
_LATC                              (abs)        000F8B
_Lo_ISR                            intcodelo    000018
_MyusartRead                       text7        000EAA
_OSCCONbits                        (abs)        000FD3
_PIE1bits                          (abs)        000F9D
_PIR1bits                          (abs)        000F9E
_PR2                               (abs)        000FCB
_RCIF                              (abs)        007CF5
_RCONbits                          (abs)        000FD0
_RCREG                             (abs)        000FAE
_RCSTAbits                         (abs)        000FAB
_SPBRG                             (abs)        000FAF
_T2CONbits                         (abs)        000FCA
_TRISA                             (abs)        000F92
_TRISAbits                         (abs)        000F92
_TRISB                             (abs)        000F93
_TRISC                             (abs)        000F94
_TRISCbits                         (abs)        000F94
_TXREG                             (abs)        000FAD
_TXSTAbits                         (abs)        000FAC
__HRAM                             (abs)        000000
__H__absolute__                    __absolute__ 000000
__Habs1                            abs1         000000
__Hbank0                           bank0        000000
__Hbank1                           bank1        000000
__Hbank2                           bank2        000000
__Hbank3                           bank3        000000
__Hbank4                           bank4        000000
__Hbank5                           bank5        000000
__Hbigbss                          bigbss       000000
__Hbigdata                         bigdata      000000
__Hbigram                          bigram       000000
__Hbigsfr                          bigsfr       000000
__Hbss                             bss          000000
__HbssBANK1                        bssBANK1     000000
__HbssCOMRAM                       bssCOMRAM    000000
__Hcinit                           cinit        000000
__Hclrtext                         clrtext      000000
__Hcomram                          comram       000000
__Hconfig                          config       30000E
__Hconst                           const        000000
__HcstackBANK0                     cstackBANK0  000000
__HcstackCOMRAM                    cstackCOMRAM 000000
__Hdata                            data         000000
__Heeprom_data                     eeprom_data  000000
__Hfarbss                          farbss       000000
__Hfardata                         fardata      000000
__Hheap                            heap         000000
__Hibigdata                        ibigdata     000000
__Hidata                           idata        000000
__Hidloc                           idloc        200008
__Hifardata                        ifardata     000000
__Hinit                            init         000070
__Hintcode                         intcode      00000E
__Hintcode_body                    intcode_body 000000
__Hintcodelo                       intcodelo    00006C
__Hintentry                        intentry     000000
__Hintret                          intret       000000
__Hintsave_regs                    intsave_regs 000000
__Hirdata                          irdata       000000
__Hmediumconst                     mediumconst  000000
__HnvFARRAM                        nvFARRAM     000000
__Hnvbit                           nvbit        000000
__Hnvrram                          nvrram       000000
__Hparam                           rparam       000000
__Hpowerup                         powerup      00006C
__Hram                             ram          000000
__Hramtop                          ramtop       000600
__Hrbit                            rbit         000000
__Hrbss                            rbss         000000
__Hrdata                           rdata        000000
__Hreset_vec                       reset_vec    000004
__Hrparam                          rparam       000000
__Hsfr                             sfr          000000
__Hsivt_hi                         sivt_hi      000000
__Hsivt_lo                         sivt_lo      000000
__Hsmallconst                      smallconst   000620
__Hspace_0                         (abs)        0010AA
__Hspace_1                         (abs)        000164
__Hspace_2                         (abs)        000000
__Hspace_4                         (abs)        60000E
__Hstack                           stack        000000
__Hstruct                          struct       000000
__Htemp                            temp         000062
__Htext                            text         000000
__Htext0                           text0        000000
__Htext1                           text1        000000
__Htext10                          text10       000000
__Htext11                          text11       000000
__Htext12                          text12       000000
__Htext13                          text13       000000
__Htext14                          text14       000000
__Htext15                          text15       000000
__Htext16                          text16       000000
__Htext17                          text17       000000
__Htext18                          text18       000000
__Htext19                          text19       000000
__Htext2                           text2        000000
__Htext20                          text20       000000
__Htext3                           text3        000000
__Htext4                           text4        000000
__Htext5                           text5        000000
__Htext7                           text7        000000
__Htext8                           text8        000000
__LRAM                             (abs)        000001
__L__absolute__                    __absolute__ 000000
__Labs1                            abs1         000000
__Lbank0                           bank0        000000
__Lbank1                           bank1        000000
__Lbank2                           bank2        000000
__Lbank3                           bank3        000000
__Lbank4                           bank4        000000
__Lbank5                           bank5        000000
__Lbigbss                          bigbss       000000
__Lbigdata                         bigdata      000000
__Lbigram                          bigram       000000
__Lbigsfr                          bigsfr       000000
__Lbss                             bss          000000
__LbssBANK1                        bssBANK1     000000
__LbssCOMRAM                       bssCOMRAM    000000
__Lcinit                           cinit        000000
__Lclrtext                         clrtext      000000
__Lcomram                          comram       000000
__Lconfig                          config       000000
__Lconst                           const        000000
__LcstackBANK0                     cstackBANK0  000000
__LcstackCOMRAM                    cstackCOMRAM 000000
__Ldata                            data         000000
__Leeprom_data                     eeprom_data  000000
__Lfarbss                          farbss       000000
__Lfardata                         fardata      000000
__Lheap                            heap         000000
__Libigdata                        ibigdata     000000
__Lidata                           idata        000000
__Lidloc                           idloc        000000
__Lifardata                        ifardata     000000
__Linit                            init         00006C
__Lintcode                         intcode      000008
__Lintcode_body                    intcode_body 000000
__Lintcodelo                       intcodelo    000018
__Lintentry                        intentry     000000
__Lintret                          intret       000000
__Lintsave_regs                    intsave_regs 000000
__Lirdata                          irdata       000000
__Lmediumconst                     mediumconst  000000
__LnvFARRAM                        nvFARRAM     000000
__Lnvbit                           nvbit        000000
__Lnvrram                          nvrram       000000
__Lparam                           rparam       000000
__Lpowerup                         powerup      00006C
__Lram                             ram          000000
__Lramtop                          ramtop       000600
__Lrbit                            rbit         000000
__Lrbss                            rbss         000000
__Lrdata                           rdata        000000
__Lreset_vec                       reset_vec    000000
__Lrparam                          rparam       000000
__Lsfr                             sfr          000000
__Lsivt_hi                         sivt_hi      000000
__Lsivt_lo                         sivt_lo      000000
__Lsmallconst                      smallconst   000600
__Lspace_0                         (abs)        000000
__Lspace_1                         (abs)        000000
__Lspace_2                         (abs)        000000
__Lspace_4                         (abs)        000000
__Lstack                           stack        000000
__Lstruct                          struct       000000
__Ltemp                            temp         000061
__Ltext                            text         000000
__Ltext0                           text0        000000
__Ltext1                           text1        000000
__Ltext10                          text10       000000
__Ltext11                          text11       000000
__Ltext12                          text12       000000
__Ltext13                          text13       000000
__Ltext14                          text14       000000
__Ltext15                          text15       000000
__Ltext16                          text16       000000
__Ltext17                          text17       000000
__Ltext18                          text18       000000
__Ltext19                          text19       000000
__Ltext2                           text2        000000
__Ltext20                          text20       000000
__Ltext3                           text3        000000
__Ltext4                           text4        000000
__Ltext5                           text5        000000
__Ltext7                           text7        000000
__Ltext8                           text8        000000
__S0                               (abs)        0010AA
__S1                               (abs)        000164
__S4                               (abs)        000000
__S5                               (abs)        000000
___awdiv                           text19       000A66
___awdiv@counter                   cstackCOMRAM 000040
___awdiv@dividend                  cstackCOMRAM 00003C
___awdiv@divisor                   cstackCOMRAM 00003E
___awdiv@quotient                  cstackCOMRAM 000042
___awdiv@sign                      cstackCOMRAM 000041
___awmod                           text18       000BE0
___awmod@counter                   cstackCOMRAM 000040
___awmod@dividend                  cstackCOMRAM 00003C
___awmod@divisor                   cstackCOMRAM 00003E
___awmod@sign                      cstackCOMRAM 000041
___heap_hi                         (abs)        000000
___heap_lo                         (abs)        000000
___inthi_sp                        stack        000000
___inthi_stack_hi                  stack        000000
___inthi_stack_lo                  stack        000000
___intlo_sp                        stack        000000
___intlo_stack_hi                  stack        000000
___intlo_stack_lo                  stack        000000
___param_bank                      (abs)        000000
___rparam_used                     (abs)        000001
___sp                              stack        000000
___stack_hi                        stack        000000
___stack_lo                        stack        000000
__accesstop                        (abs)        000080
__activetblptr                     (abs)        000001
__end_of_ClearBuffer               text5        000F7E
__end_of_GetString                 text3        000D7C
__end_of_H_ISR                     intcode_body 000BE0
__end_of_Initialize                text2        000D12
__end_of_Lo_ISR                    intcodelo    00006C
__end_of_MyusartRead               text7        000EFA
__end_of___awdiv                   text19       000B28
__end_of___awmod                   text18       000C8E
__end_of__initialization           cinit        001044
__end_of_button_pressed            text20       0010AA
__end_of_fputc                     text16       000A66
__end_of_keyboard_input            text1        00108E
__end_of_main                      text0        000F3C
__end_of_printf                    text13       0010A8
__end_of_putch                     text8        000DE2
__end_of_set_LED_separately        text12       001074
__end_of_strcpy                    text4        00102C
__end_of_variable_register_changed text10       00099C
__end_of_vfpfcnvrt                 text15       000E48
__end_of_vfprintf                  text14       000FFC
__end_ofi2_ClearBuffer             text11       000FBE
__end_ofi2_putch                   text17       000EAA
__initialization                   cinit        00102C
__mediumconst                      mediumconst  000000
__pbssBANK1                        bssBANK1     000100
__pbssCOMRAM                       bssCOMRAM    000001
__pcinit                           cinit        00102C
__pcstackBANK0                     cstackBANK0  000080
__pcstackCOMRAM                    cstackCOMRAM 00003C
__pintcode                         intcode      000008
__pintcode_body                    intcode_body 000B28
__pintcodelo                       intcodelo    000018
__psmallconst                      smallconst   000600
__ptext0                           text0        000EFA
__ptext1                           text1        001074
__ptext10                          text10       000620
__ptext11                          text11       000F7E
__ptext12                          text12       001056
__ptext13                          text13       00108E
__ptext14                          text14       000FBE
__ptext15                          text15       000DE2
__ptext16                          text16       00099C
__ptext17                          text17       000E48
__ptext18                          text18       000BE0
__ptext19                          text19       000A66
__ptext2                           text2        000C8E
__ptext20                          text20       0010A8
__ptext3                           text3        000D12
__ptext4                           text4        000FFC
__ptext5                           text5        000F3C
__ptext7                           text7        000EAA
__ptext8                           text8        000D7C
__ramtop                           ramtop       000600
__smallconst                       smallconst   000600
_a0                                bssCOMRAM    000035
_a1                                bssCOMRAM    000033
_a2                                bssCOMRAM    000031
_a3                                bssCOMRAM    00002F
_a4                                bssCOMRAM    00002D
_a5                                bssCOMRAM    00002B
_a6                                bssCOMRAM    000029
_a7                                bssCOMRAM    000027
_buffer                            bssBANK1     000100
_buffer_size                       bssCOMRAM    000039
_button_pressed                    text20       0010A8
_current_servo_angle               bssCOMRAM    000037
_flags                             bssCOMRAM    00003B
_fputc                             text16       00099C
_keyboard_input                    text1        001074
_main                              text0        000EFA
_prec                              bssCOMRAM    000023
_printf                            text13       00108E
_putch                             text8        000D7C
_set_LED_separately                text12       001056
_strcpy                            text4        000FFC
_variable_register_changed         text10       000620
_vfpfcnvrt                         text15       000DE2
_vfprintf                          text14       000FBE
_width                             bssCOMRAM    000021
_x                                 bssCOMRAM    000025
btemp                              temp         000061
end_of_initialization              cinit        001044
fputc@c                            cstackCOMRAM 00003D
fputc@fp                           cstackCOMRAM 00003F
i2ClearBuffer@i                    cstackCOMRAM 00003C
i2_ClearBuffer                     text11       000F7E
i2_putch                           text17       000E48
i2putch@data                       cstackCOMRAM 00003C
int$flags                          temp         000061
int_func                           intcode_body 000B28
intlevel0                          text         000000
intlevel1                          text         000000
intlevel2                          text         000000
intlevel3                          text         000000
isa$std                            (abs)        000001
isa$xinst                          (abs)        000000
keyboard_input@str                 cstackBANK0  000088
main@str                           cstackBANK0  00008F
printf@ap                          cstackCOMRAM 000050
printf@fmt                         cstackCOMRAM 00004F
putch@data                         cstackBANK0  000080
set_LED_separately@a               cstackCOMRAM 00003C
set_LED_separately@b               cstackCOMRAM 00003E
set_LED_separately@c               cstackCOMRAM 000040
stackhi                            (abs)        000000
stacklo                            (abs)        000000
start                              init         00006C
start_initialization               cinit        00102C
strcpy@d                           cstackBANK0  00008B
strcpy@dest                        cstackBANK0  000088
strcpy@src                         cstackBANK0  000089
ttemp5                             temp         000062
ttemp6                             temp         000065
ttemp7                             temp         000069
variable_register_changed@value    cstackCOMRAM 000051
vfpfcnvrt@ap                       cstackCOMRAM 000049
vfpfcnvrt@fmt                      cstackCOMRAM 000048
vfpfcnvrt@fp                       cstackCOMRAM 000046
vfprintf@ap                        cstackCOMRAM 00004D
vfprintf@cfmt                      cstackCOMRAM 00004E
vfprintf@fmt                       cstackCOMRAM 00004C
vfprintf@fp                        cstackCOMRAM 00004A
wtemp8                             temp         000062


MODULE INFORMATION

Module		Function		Class		Link	Load	Size
C:\Program Files\Microchip\xc8\v2.50\pic\sources\c99\common\printf.c
		_printf        		CODE           	108E	0000	26

C:\Program Files\Microchip\xc8\v2.50\pic\sources\c99\common\printf.c estimated size: 26

C:\Program Files\Microchip\xc8\v2.50\pic\sources\c99\common\awmod.c
		___awmod       		CODE           	0BE0	0000	174

C:\Program Files\Microchip\xc8\v2.50\pic\sources\c99\common\awmod.c estimated size: 174

3b.c
		_variable_register_changed		CODE           	0620	0000	892
		_set_LED_separately		CODE           	1056	0000	30
		_Lo_ISR        		CODE           	0018	0000	84
		_MyusartRead   		CODE           	0EAA	0000	80
		_button_pressed		CODE           	10A8	0000	2
		_putch         		CODE           	0D7C	0000	102
		_keyboard_input		CODE           	1074	0000	26
		_H_ISR         		CODE           	0008	0000	190
		_main          		CODE           	0EFA	0000	66
		_Initialize    		CODE           	0C8E	0000	132
		_GetString     		CODE           	0D12	0000	106
		_ClearBuffer   		CODE           	0F3C	0000	66

3b.c estimated size: 1776

C:\Program Files\Microchip\xc8\v2.50\pic\sources\c99\common\strcpy.c
		_strcpy        		CODE           	0FFC	0000	48

C:\Program Files\Microchip\xc8\v2.50\pic\sources\c99\common\strcpy.c estimated size: 48

C:\Program Files\Microchip\xc8\v2.50\pic\sources\c99\common\nf_fputc.c
		_fputc         		CODE           	099C	0000	202

C:\Program Files\Microchip\xc8\v2.50\pic\sources\c99\common\nf_fputc.c estimated size: 202

shared
		i2_putch       		CODE           	0E48	0000	98
		i2_ClearBuffer 		CODE           	0F7E	0000	64
		__initialization		CODE           	102C	0000	24

shared estimated size: 186

C:\Program Files\Microchip\xc8\v2.50\pic\sources\c99\common\awdiv.c
		___awdiv       		CODE           	0A66	0000	194

C:\Program Files\Microchip\xc8\v2.50\pic\sources\c99\common\awdiv.c estimated size: 194

C:\Program Files\Microchip\xc8\v2.50\pic\sources\c99\common\doprnt.c
		_vfpfcnvrt     		CODE           	0DE2	0000	102
		_vfprintf      		CODE           	0FBE	0000	62

C:\Program Files\Microchip\xc8\v2.50\pic\sources\c99\common\doprnt.c estimated size: 164

