MPLINK 5.09, LINKER
Linker Map File - Created Thu Nov 21 16:39:13 2024

                                 Section Info
                  Section       Type    Address   Location Size(Bytes)
                ---------  ---------  ---------  ---------  ---------
                   .org_0       code   0x000000    program   0x000004
                   .cinit    romdata   0x000004    program   0x000002
                   .org_1       code   0x000008    program   0x0000da
                    dbgP0       code   0x007dc0    program   0x000240
.config_300001_BUILD/DEFAULT/DEBUG/BASIC.O    romdata   0x300001    program   0x000001
.config_300002_BUILD/DEFAULT/DEBUG/BASIC.O    romdata   0x300002    program   0x000001
.config_300003_BUILD/DEFAULT/DEBUG/BASIC.O    romdata   0x300003    program   0x000001
.config_300005_BUILD/DEFAULT/DEBUG/BASIC.O    romdata   0x300005    program   0x000001
.config_300006_BUILD/DEFAULT/DEBUG/BASIC.O    romdata   0x300006    program   0x000001
.config_300008_BUILD/DEFAULT/DEBUG/BASIC.O    romdata   0x300008    program   0x000001
.config_300009_BUILD/DEFAULT/DEBUG/BASIC.O    romdata   0x300009    program   0x000001
.config_30000A_BUILD/DEFAULT/DEBUG/BASIC.O    romdata   0x30000a    program   0x000001
.config_30000B_BUILD/DEFAULT/DEBUG/BASIC.O    romdata   0x30000b    program   0x000001
.config_30000C_BUILD/DEFAULT/DEBUG/BASIC.O    romdata   0x30000c    program   0x000001
.config_30000D_BUILD/DEFAULT/DEBUG/BASIC.O    romdata   0x30000d    program   0x000001
                    dbgD0      udata   0x0005f4       data   0x00000c



                              Program Memory Usage 
                               Start         End      
                           ---------   ---------      
                            0x000000    0x000005      
                            0x000008    0x0000e1      
                            0x007dc0    0x007fff      
                            0x300001    0x300003      
                            0x300005    0x300006      
                            0x300008    0x30000d      
            811 out of 33048 program addresses used, program memory utilization is 2%



                              Symbols - Sorted by Name
                     Name    Address   Location    Storage File                     
                ---------  ---------  ---------  --------- ---------                
                      ISR   0x000004    program     static C:\Users\wanga\MPLABXProjects\LAB7.X\basic.asm
                   ISRend   0x000030    program     static C:\Users\wanga\MPLABXProjects\LAB7.X\basic.asm
                  Initial   0x000034    program     static C:\Users\wanga\MPLABXProjects\LAB7.X\basic.asm
                  _1LOOP1   0x000056    program     static C:\Users\wanga\MPLABXProjects\LAB7.X\basic.asm
                  _1LOOP2   0x000052    program     static C:\Users\wanga\MPLABXProjects\LAB7.X\basic.asm
                  _2LOOP1   0x000080    program     static C:\Users\wanga\MPLABXProjects\LAB7.X\basic.asm
                  _2LOOP2   0x00007c    program     static C:\Users\wanga\MPLABXProjects\LAB7.X\basic.asm
                  _3LOOP1   0x0000aa    program     static C:\Users\wanga\MPLABXProjects\LAB7.X\basic.asm
                  _3LOOP2   0x0000a6    program     static C:\Users\wanga\MPLABXProjects\LAB7.X\basic.asm
                   change   0x0000ca    program     static C:\Users\wanga\MPLABXProjects\LAB7.X\basic.asm
                   check2   0x00001c    program     static C:\Users\wanga\MPLABXProjects\LAB7.X\basic.asm
                   check3   0x00002a    program     static C:\Users\wanga\MPLABXProjects\LAB7.X\basic.asm
                   light1   0x00004c    program     static C:\Users\wanga\MPLABXProjects\LAB7.X\basic.asm
                   light2   0x000076    program     static C:\Users\wanga\MPLABXProjects\LAB7.X\basic.asm
                   light3   0x0000a0    program     static C:\Users\wanga\MPLABXProjects\LAB7.X\basic.asm
                     loop   0x0000d0    program     static C:\Users\wanga\MPLABXProjects\LAB7.X\basic.asm
                     main   0x00004a    program     static C:\Users\wanga\MPLABXProjects\LAB7.X\basic.asm



                              Symbols - Sorted by Address
                     Name    Address   Location    Storage File                     
                ---------  ---------  ---------  --------- ---------                
                      ISR   0x000004    program     static C:\Users\wanga\MPLABXProjects\LAB7.X\basic.asm
                   check2   0x00001c    program     static C:\Users\wanga\MPLABXProjects\LAB7.X\basic.asm
                   check3   0x00002a    program     static C:\Users\wanga\MPLABXProjects\LAB7.X\basic.asm
                   ISRend   0x000030    program     static C:\Users\wanga\MPLABXProjects\LAB7.X\basic.asm
                  Initial   0x000034    program     static C:\Users\wanga\MPLABXProjects\LAB7.X\basic.asm
                     main   0x00004a    program     static C:\Users\wanga\MPLABXProjects\LAB7.X\basic.asm
                   light1   0x00004c    program     static C:\Users\wanga\MPLABXProjects\LAB7.X\basic.asm
                  _1LOOP2   0x000052    program     static C:\Users\wanga\MPLABXProjects\LAB7.X\basic.asm
                  _1LOOP1   0x000056    program     static C:\Users\wanga\MPLABXProjects\LAB7.X\basic.asm
                   light2   0x000076    program     static C:\Users\wanga\MPLABXProjects\LAB7.X\basic.asm
                  _2LOOP2   0x00007c    program     static C:\Users\wanga\MPLABXProjects\LAB7.X\basic.asm
                  _2LOOP1   0x000080    program     static C:\Users\wanga\MPLABXProjects\LAB7.X\basic.asm
                   light3   0x0000a0    program     static C:\Users\wanga\MPLABXProjects\LAB7.X\basic.asm
                  _3LOOP2   0x0000a6    program     static C:\Users\wanga\MPLABXProjects\LAB7.X\basic.asm
                  _3LOOP1   0x0000aa    program     static C:\Users\wanga\MPLABXProjects\LAB7.X\basic.asm
                   change   0x0000ca    program     static C:\Users\wanga\MPLABXProjects\LAB7.X\basic.asm
                     loop   0x0000d0    program     static C:\Users\wanga\MPLABXProjects\LAB7.X\basic.asm


